// Jest Snapshot v1, https://goo.gl/fbAQLP

exports[`«User» constructor should match its snapshot 1`] = `
Object {
  "created": Any<Date>,
  "id": Any<String>,
  "name": "Jack",
}
`;
