// Jest Snapshot v1, https://goo.gl/fbAQLP

exports[`«add» function should match its snapshot 1`] = `8`;
