// Jest Snapshot v1, https://goo.gl/fbAQLP

exports[`«User» constructor should match its snapshot inline 1`] = `
User {
  "created": 2021-03-12T18:46:00.253Z,
  "name": "Jack",
}
`;
